ATTACH LABEL torch.Size([2, 6])
ATTACH LOGITS torch.Size([2, 6, 7])
SLICED 2D ATTACH LOGITS 
 [[ 0.04357497  0.04953151        -inf        -inf        -inf        -inf
         -inf]
 [ 0.04481264  0.00710748  0.0227175         -inf        -inf        -inf
         -inf]
 [ 0.00811712 -0.00891419 -0.04650412  0.01300863        -inf        -inf
         -inf]
 [ 0.06488173  0.00111097 -0.00883634  0.0195559  -0.01492801        -inf
         -inf]
 [ 0.00884243  0.01602446  0.00066662 -0.03837452 -0.05111287  0.00804142
         -inf]
 [-0.00182796  0.03848938 -0.01554436  0.02661579  0.0075901  -0.02762566
   0.02609364]]
SLICED 2D LOGITS 
 [[  8.344847    -5.227068    -0.57269526   0.35187274  -6.1081223
   -5.6550736   -2.849838     4.507233     4.279681    -3.4138052
   -3.1033878   -1.1268375   11.6003685   -5.947872     2.7380586
    4.947985     2.5196729    9.12242      4.0311985    3.6628098
   -0.5417935   -0.90176857   4.462729     1.0590844   -8.097106
   -6.3629403    3.308274     5.17351      1.2729856  -10.199438
   -5.301059    10.787472    -0.6877763    3.420635    -3.3059783
   -1.6081635    2.329579     0.4918902   10.57291      1.3539428
   -6.7344227   -7.8105574    4.473431    -4.44291      6.039118
   -4.9828906   -8.834012   -10.208539    18.014015    -2.774169  ]
 [-14.740258     5.7310863   -4.49258      1.5905206   13.043752
   -5.9118485    2.318552     7.05338     -4.936742     5.935067
   -0.568192    -3.940501    -6.3288126   -3.6572185   12.810869
   -8.099731    -5.8047743   -1.2214342   -0.47618964 -11.174433
    9.012222    -5.9116     -10.45916      1.3176357    5.0603805
   -0.32012656  -4.6688027   -9.51836      0.9040379    1.5415019
   21.705246    -2.4203453   -6.624033     7.732134     3.4536428
   -0.12724346   3.833295    -1.589498    -5.2785997   -3.0211802
    7.3217125    4.5080934    3.2798207    0.23625273   1.4586215
    5.3032913   -2.7021477    4.992266    -3.7116346    0.3025    ]]
ATTACH LABEL torch.Size([3, 7])
ATTACH LOGITS torch.Size([3, 7, 8])
SLICED 2D ATTACH LOGITS 
 [[-0.02450755 -0.00472657        -inf        -inf        -inf        -inf
         -inf        -inf]
 [-0.063042   -0.04149121 -0.00519106        -inf        -inf        -inf
         -inf        -inf]
 [-0.06476056 -0.08461223 -0.10455999 -0.02816386        -inf        -inf
         -inf        -inf]
 [ 0.02768805 -0.05163591 -0.03747827 -0.01389439  0.03587892        -inf
         -inf        -inf]
 [-0.04763776 -0.02407862 -0.07450248  0.02822708 -0.04195464  0.01953389
         -inf        -inf]
 [-0.09477013 -0.08883978 -0.13107115 -0.1099204  -0.06021769 -0.05965091
   0.04634739        -inf]
 [ 0.02991929 -0.04459861 -0.01295406 -0.03502071 -0.03433401 -0.02017942
   0.01580287  0.0249211 ]]
SLICED 2D LOGITS 
 [[ -3.5413125   -1.8162125    4.28451     -2.452042    -0.45850784
   -1.7374066    8.677419     6.274015     0.44100177   0.6751039
   10.575661     7.170997    -7.3504844   -8.579092    -3.925167
   -9.324646     1.6887591   -7.5152597    7.4595237    2.4483392
   -6.04084     24.875277    -0.79982      2.8512454  -12.959069
    0.5950274    9.728212     1.0820131    9.051595    -3.141039
    6.1464324   13.15099     -4.493789    -5.665067     0.78337437
   -1.4545135    9.898013    -7.7202997   10.106577    -4.867611
   -7.716942     4.0579553   -2.2040129    4.423932    17.615362
   -4.5885196    3.352007    -0.9377731    3.4770763    7.6004667 ]
 [  0.23425497  -6.858027    10.513135     6.6329803   -8.804288
   -2.3614645    3.8696382   -4.023644     8.076675    -9.853075
    7.587111     3.3944604    2.4102871    8.264271    12.724881
    5.324809    -1.0104282    8.075767     3.9505687   -4.6580467
   -5.905067     1.1405565    5.7564044   -7.827318    -7.763749
    4.9916096    1.4368457   -4.923487     0.6436659    0.7222702
   -5.6219015    0.55757797   2.7066057   -5.9613442   -1.4069976
    6.1080313    7.1809254   -6.6401286   -3.797214    -1.3944372
   -6.7928867    2.2856157   -3.278743     9.086955    -0.13160048
   -5.7346344   28.317856     3.929409    -1.5374968   -2.8440375 ]
 [ -7.4917417    9.063989    -0.93363863   0.75349647   2.5091136
   -0.48897398  -6.247617    -4.9928937   -5.253894     4.468433
    2.0522525    2.5738933   -4.168401     9.367836     3.8849576
   -3.8017776   -1.1213474   -2.00055     -4.1116      -1.0846734
   29.030903    -2.5032375    4.9311686    2.903938     3.2075012
   -5.781752    -3.6130195   -2.97185      4.824544     1.6382948
   -0.4797015   -3.354631     4.468359     5.6861787   -9.530745
   -9.930983    -3.9895823    0.23143315  -2.9310892    2.9320123
    4.6802416   11.641034    12.186883   -11.975503     1.0020629
    3.082696    -4.128979    -9.08231     10.658413     3.0188594 ]]
LOSS:  tensor(23.9307, device='cuda:0', grad_fn=<AddBackward0>)
ATTACH LABEL torch.Size([2, 5])
ATTACH LOGITS torch.Size([2, 5, 6])
SLICED 2D ATTACH LOGITS 
 [[ 0.07572605  0.002014          -inf        -inf        -inf        -inf]
 [ 0.04375659  0.00525998 -0.03062483        -inf        -inf        -inf]
 [ 0.03154064 -0.00146555  0.01809379 -0.05108174        -inf        -inf]
 [ 0.01194514  0.03064044  0.07775694  0.06471216  0.00443292        -inf]
 [ 0.01670439  0.00040995  0.03305814  0.0068947   0.01402031  0.01999895]]
SLICED 2D LOGITS 
 [[ -7.798068     4.6427746   -8.198884     5.6768146    3.7298596
    9.171756   -12.276649     0.8698885   -1.820755     1.3665179
    0.2270865   16.495775     2.446414     1.9365218   -5.01452
   -4.7402105   -1.2576352   -7.9335246  -14.901155    -1.289206
   -5.450407     4.4664087    7.140961    -2.9209146    1.6953068
    3.8305035  -13.258802     4.9317603  -11.288689     6.379284
    3.9556289    2.3236346   -4.168041     5.5529127   -4.8443613
   -7.2847953    1.7378106   27.217955    -1.1655588   -2.0716944
    0.573867     5.5867643    2.712798    -2.6398308    1.9818081
  -21.402302    -3.6090777    8.020218    -0.20236959  -2.2034924 ]
 [ 10.887379    -2.682336    -6.353837    -4.824547    10.264304
    4.7582064   -3.1550643    1.026242    -3.0925405   -4.86424
    4.133226    -2.6331587    0.9704469    5.8837194    4.7333465
   -3.6057353   -5.974071    22.391115    -3.97781     -3.2287672
   -6.5213566    3.4832997   -3.8144941   10.045578    -1.3071812
   -2.989906    -5.2185984    7.5867066  -12.696682     6.656775
   -4.549962     3.3069172    0.4335806    9.643567     1.4821852
    0.69634455   2.6266851   -3.549027     6.584575    -4.6666603
    1.6696472    6.0876374   -0.7916088   -8.235828    -0.35533816
   12.522983     0.37374562  -3.3960516    2.1281283    5.024673  ]]
