ATTACH LABEL torch.Size([2, 6])
ATTACH LOGITS torch.Size([2, 6, 7])
SLICED 2D ATTACH LOGITS 
 [[-0.01520676 -0.01409915        -inf        -inf        -inf        -inf
         -inf]
 [-0.01191524 -0.01068279 -0.02489326        -inf        -inf        -inf
         -inf]
 [ 0.01635863 -0.04365655  0.04161052 -0.04983462        -inf        -inf
         -inf]
 [-0.01764589 -0.06878885 -0.04551344 -0.03344191 -0.01865512        -inf
         -inf]
 [-0.01298289 -0.07093605 -0.07044757 -0.03944235 -0.04577885  0.04170407
         -inf]
 [-0.01175942 -0.02015634 -0.00242769 -0.00201974 -0.01147449  0.02794912
  -0.02542755]]
ATTACH LABEL torch.Size([3, 7])
ATTACH LOGITS torch.Size([3, 7, 8])
SLICED 2D ATTACH LOGITS 
 [[-0.06564653  0.00145963        -inf        -inf        -inf        -inf
         -inf        -inf]
 [ 0.0098507   0.02836614  0.00534518        -inf        -inf        -inf
         -inf        -inf]
 [-0.0022375   0.00691414  0.01092467 -0.00056876        -inf        -inf
         -inf        -inf]
 [-0.00426177  0.00097359  0.04088105 -0.01493446 -0.01218742        -inf
         -inf        -inf]
 [ 0.00798327 -0.01578221 -0.00603644 -0.02515313  0.00444052 -0.03485546
         -inf        -inf]
 [-0.03404756 -0.02802503 -0.03981122 -0.00986477 -0.02895075 -0.03154492
   0.0314514         -inf]
 [ 0.02297028  0.01297092  0.15760654  0.05148355  0.06270393  0.08720137
   0.09063953 -0.01538958]]
ATTACH LABEL torch.Size([2, 5])
ATTACH LOGITS torch.Size([2, 5, 6])
SLICED 2D ATTACH LOGITS 
 [[ 0.01816825  0.03197398        -inf        -inf        -inf        -inf]
 [-0.03184411 -0.05796246 -0.00580554        -inf        -inf        -inf]
 [ 0.03108995  0.006165   -0.01805037 -0.01871157        -inf        -inf]
 [ 0.01851179 -0.02413325 -0.01742893  0.01838613 -0.06344704        -inf]
 [ 0.05029137 -0.03727541  0.03110979 -0.01324662  0.03053216  0.00285059]]
